 
****************************************
Report : area
Design : serial_mlp1
Version: J-2014.09
Date   : Mon Dec 23 11:04:45 2019
****************************************

Library(s) Used:

    tcbn90gtc (File: /afs/ict.kth.se/pkg/synopsys/extra_libraries/standard_cell/TSMC/tcbn90g_110a/Front_End/timing_power/tcbn90g_110a/tcbn90gtc.db)

Number of ports:                           56
Number of nets:                          1736
Number of cells:                         1680
Number of combinational cells:            901
Number of sequential cells:               778
Number of macros/black boxes:               0
Number of buf/inv:                        277
Number of references:                      33

Combinational area:              10521.907291
Buf/Inv area:                      603.993600
Noncombinational area:           15429.657904
Macro/Black Box area:                0.000000
Net Interconnect area:      undefined  (Wire load has zero net area)

Total cell area:                 25951.565195
Total area:                 undefined
1
